[0m21:04:57.152861 [debug] [MainThread]: Sending event: {'category': 'dbt', 'action': 'invocation', 'label': 'start', 'context': [<snowplow_tracker.self_describing_json.SelfDescribingJson object at 0x793b4e9ecad0>, <snowplow_tracker.self_describing_json.SelfDescribingJson object at 0x793b4d97fed0>, <snowplow_tracker.self_describing_json.SelfDescribingJson object at 0x793b4d97fb10>]}


============================== 21:04:57.155773 | f1f2d8a7-8311-4482-96cc-aed4020cf720 ==============================
[0m21:04:57.155773 [info ] [MainThread]: Running with dbt=1.11.2
[0m21:04:57.156257 [debug] [MainThread]: running dbt with arguments {'printer_width': '80', 'cache_selected_only': 'False', 'profiles_dir': '/home/afranio-viana/.dbt', 'log_path': 'logs', 'static_parser': 'True', 'write_json': 'True', 'no_print': 'None', 'indirect_selection': 'eager', 'introspect': 'True', 'log_format': 'default', 'empty': 'None', 'warn_error': 'None', 'fail_fast': 'False', 'use_experimental_parser': 'False', 'log_cache_events': 'False', 'debug': 'False', 'warn_error_options': 'WarnErrorOptionsV2(error=[], warn=[], silence=[])', 'partial_parse': 'True', 'send_anonymous_usage_stats': 'True', 'version_check': 'True', 'target_path': 'None', 'use_colors': 'True', 'quiet': 'False', 'invocation_command': 'dbt init energy_forecasting'}
[0m21:04:57.164118 [debug] [MainThread]: Starter project path: /home/afranio-viana/Área de trabalho/monthly-energy-demand-forecasting-with-climate-and-calendar-effects/.venv/lib/python3.13/site-packages/dbt/include/starter_project
[0m21:04:57.165844 [info ] [MainThread]: 
Your new dbt project "energy_forecasting" was created!

For more information on how to configure the profiles.yml file,
please consult the dbt documentation here:

  https://docs.getdbt.com/docs/configure-your-profile

One more thing:

Need help? Don't hesitate to reach out to us via GitHub issues or on Slack:

  https://community.getdbt.com/

Happy modeling!

[0m21:04:57.166175 [info ] [MainThread]: Setting up your profile.
[0m21:06:40.702532 [info ] [MainThread]: Profile energy_forecasting written to /home/afranio-viana/.dbt/profiles.yml using target's profile_template.yml and your supplied values. Run 'dbt debug' to validate the connection.
[0m21:06:40.707740 [debug] [MainThread]: Resource report: {"command_name": "init", "command_success": true, "command_wall_clock_time": 103.60077, "process_in_blocks": "4632", "process_kernel_time": 0.096441, "process_mem_max_rss": "107388", "process_out_blocks": "80", "process_user_time": 1.084936}
[0m21:06:40.708787 [debug] [MainThread]: Command `dbt init` succeeded at 21:06:40.708425 after 103.60 seconds
[0m21:06:40.709404 [debug] [MainThread]: Sending event: {'category': 'dbt', 'action': 'invocation', 'label': 'end', 'context': [<snowplow_tracker.self_describing_json.SelfDescribingJson object at 0x793b4d8e55b0>, <snowplow_tracker.self_describing_json.SelfDescribingJson object at 0x793b4e0f9fd0>, <snowplow_tracker.self_describing_json.SelfDescribingJson object at 0x793b4d87d260>]}
[0m21:06:40.709961 [debug] [MainThread]: Flushing usage events
[0m21:06:41.880027 [debug] [MainThread]: An error was encountered while trying to flush usage events
[0m21:07:48.539400 [debug] [MainThread]: Sending event: {'category': 'dbt', 'action': 'invocation', 'label': 'start', 'context': [<snowplow_tracker.self_describing_json.SelfDescribingJson object at 0x721c2d5ecad0>, <snowplow_tracker.self_describing_json.SelfDescribingJson object at 0x721c2c57fed0>, <snowplow_tracker.self_describing_json.SelfDescribingJson object at 0x721c2c57fb10>]}


============================== 21:07:48.542304 | 65929406-e1ea-4253-b2b7-ce5d9b1b8864 ==============================
[0m21:07:48.542304 [info ] [MainThread]: Running with dbt=1.11.2
[0m21:07:48.542752 [debug] [MainThread]: running dbt with arguments {'target_path': 'None', 'introspect': 'True', 'static_parser': 'True', 'invocation_command': 'dbt init dbt_ons', 'debug': 'False', 'fail_fast': 'False', 'send_anonymous_usage_stats': 'True', 'log_cache_events': 'False', 'profiles_dir': '/home/afranio-viana/.dbt', 'use_experimental_parser': 'False', 'warn_error_options': 'WarnErrorOptionsV2(error=[], warn=[], silence=[])', 'warn_error': 'None', 'cache_selected_only': 'False', 'quiet': 'False', 'version_check': 'True', 'partial_parse': 'True', 'log_format': 'default', 'log_path': 'logs', 'write_json': 'True', 'use_colors': 'True', 'no_print': 'None', 'indirect_selection': 'eager', 'empty': 'None', 'printer_width': '80'}
[0m21:07:48.550056 [debug] [MainThread]: Starter project path: /home/afranio-viana/Área de trabalho/monthly-energy-demand-forecasting-with-climate-and-calendar-effects/.venv/lib/python3.13/site-packages/dbt/include/starter_project
[0m21:07:48.551779 [info ] [MainThread]: 
Your new dbt project "dbt_ons" was created!

For more information on how to configure the profiles.yml file,
please consult the dbt documentation here:

  https://docs.getdbt.com/docs/configure-your-profile

One more thing:

Need help? Don't hesitate to reach out to us via GitHub issues or on Slack:

  https://community.getdbt.com/

Happy modeling!

[0m21:07:48.552260 [info ] [MainThread]: Setting up your profile.
[0m21:09:00.591441 [info ] [MainThread]: Profile dbt_ons written to /home/afranio-viana/.dbt/profiles.yml using target's profile_template.yml and your supplied values. Run 'dbt debug' to validate the connection.
[0m21:09:00.592459 [debug] [MainThread]: Resource report: {"command_name": "init", "command_success": true, "command_wall_clock_time": 72.09724, "process_in_blocks": "0", "process_kernel_time": 0.115866, "process_mem_max_rss": "107592", "process_out_blocks": "88", "process_user_time": 1.073234}
[0m21:09:00.592919 [debug] [MainThread]: Command `dbt init` succeeded at 21:09:00.592837 after 72.10 seconds
[0m21:09:00.593210 [debug] [MainThread]: Sending event: {'category': 'dbt', 'action': 'invocation', 'label': 'end', 'context': [<snowplow_tracker.self_describing_json.SelfDescribingJson object at 0x721c2c4e5480>, <snowplow_tracker.self_describing_json.SelfDescribingJson object at 0x721c2ccf9fd0>, <snowplow_tracker.self_describing_json.SelfDescribingJson object at 0x721c2c47d260>]}
[0m21:09:00.593603 [debug] [MainThread]: Flushing usage events
[0m21:09:01.658555 [debug] [MainThread]: An error was encountered while trying to flush usage events
